// Vitest Snapshot v1, https://vitest.dev/guide/snapshot.html

exports[`combineSource after map > should combine source 1`] = `"{"version":3,"sources":["miniapp-88/app/shared/index.js"],"names":[],"mappings":";;;;;;;;;;;;;;;;;;;;;;;;;;;;;;;;;;;;;;;;;;;;;;;;;;;;;;;;;;;;;;;;;;;;;;;;;;;;;;;;;;;;;;;;;;;;;;;;;;;;;;;;;;;;;AAAA,IAII,OAES,UAIA,MAKN;AAfP,IAAA,cAAA,MAAA;IAAA,uBAAA;QAII,QAAQ;QAEC,WAAW,MAAM;YAC1B,QAAQ,GAAA,CAAI,6BAA6B,KAAK;QAClD;QAEa,OAAO,MAAM;YACtB;YACA,QAAQ,GAAA,CAAI,UAAU,KAAK;QAC/B;QAEO,iBAAQ;sBACX;kBACA;QACJ;IAAA;AAAA","sourcesContent":["/**\\n * 用于测试共享模块, 在普通分包下的引入拆分 chunk 的问题\\n */\\n\\nlet count = 0\\n\\nexport const sayHello = () => {\\n    console.log('Hello, I am shared module', count)\\n}\\n\\nexport const plus = () => {\\n    count++\\n    console.log('count:', count)\\n}\\n\\nexport default {\\n    sayHello,\\n    plus,\\n}"]}"`;
